
> ai-learning-platform-next@0.1.0 build
> next build --turbopack

   ▲ Next.js 15.5.2 (Turbopack)
   - Environments: .env.local

   Creating an optimized production build ...
 ✓ Finished writing to disk in 30ms
 ✓ Compiled successfully in 5.2s
   Skipping validation of types
   Skipping linting
   Collecting page data ...
Supabase URL: https://bddqkmnbbvllpvsynklr.supabase.co
Supabase Key (first 10 chars): eyJhbGciOi
Supabase URL: https://bddqkmnbbvllpvsynklr.supabase.co
Supabase Key (first 10 chars): eyJhbGciOi
Supabase URL: https://bddqkmnbbvllpvsynklr.supabase.co
Supabase Key (first 10 chars): eyJhbGciOi
Supabase URL: https://bddqkmnbbvllpvsynklr.supabase.co
Supabase Key (first 10 chars): eyJhbGciOi
Supabase URL: https://bddqkmnbbvllpvsynklr.supabase.co
Supabase Key (first 10 chars): eyJhbGciOi
   Generating static pages (0/24) ...
Supabase URL: https://bddqkmnbbvllpvsynklr.supabase.co
Supabase Key (first 10 chars): eyJhbGciOi
   Generating static pages (6/24) 
   Generating static pages (12/24) 
Supabase URL: https://bddqkmnbbvllpvsynklr.supabase.co
Supabase Key (first 10 chars): eyJhbGciOi
   Generating static pages (18/24) 
 ✓ Generating static pages (24/24)
   Finalizing page optimization ...
   Collecting build traces ...

Route (app)                                                  Size  First Load JS
┌ ○ /                                                     45.3 kB         216 kB
├ ○ /_not-found                                               0 B         160 kB
├ ○ /admin                                                9.65 kB         180 kB
├ ○ /analytics                                            62.3 kB         233 kB
├ ƒ /api/admin/learning/db                                    0 B            0 B
├ ƒ /api/admin/questions                                      0 B            0 B
├ ƒ /api/admin/questions/db                                   0 B            0 B
├ ƒ /api/questions                                            0 B            0 B
├ ƒ /api/questions/stats                                      0 B            0 B
├ ƒ /auth/callback                                            0 B            0 B
├ ○ /categories                                           13.7 kB         221 kB
├ ƒ /categories/[categoryId]                              23.2 kB         219 kB
├ ○ /collection                                           59.6 kB         231 kB
├ ƒ /course/[categoryId]                                     9 kB         216 kB
├ ○ /learning                                             40.9 kB         222 kB
├ ƒ /learning/[courseId]                                  38.9 kB         220 kB
├ ƒ /learning/[courseId]/[genreId]/[themeId]/[sessionId]  12.9 kB         220 kB
├ ○ /login                                                10.1 kB         180 kB
├ ○ /onboarding                                            5.5 kB         175 kB
├ ○ /profile                                              55.6 kB         226 kB
├ ○ /quiz                                                 50.9 kB         232 kB
├ ○ /settings                                             2.65 kB         210 kB
├ ○ /settings/coming-soon                                 2.61 kB         210 kB
├ ○ /settings/quiz-csv                                    7.02 kB         214 kB
└ ○ /skp-history                                          29.1 kB         211 kB
+ First Load JS shared by all                              341 kB
  ├ chunks/63d7abdc8f2020d3.js                            17.2 kB
  ├ chunks/63dba52cde864d84.js                            59.2 kB
  ├ chunks/a22d02485726467c.js                            39.6 kB
  ├ chunks/fdf5c956028d2489.js                              13 kB
  ├ chunks/1431e50ca09fb865.css                           15.6 kB
  ├ chunks/cf5c88f2d8ca06ec.css                            165 kB
  └ other shared chunks (total)                           31.4 kB


○  (Static)   prerendered as static content
ƒ  (Dynamic)  server-rendered on demand

